
=== PHASE 6 (b): centralization vs the value of scheduling ===
  [cache] extension_n200_alpha0_fac2_nd42
  [cache] extension_n200_alpha100000_fac2_nd42
  [solve] extension_n200_alpha0_fac3_nd42 (limit 900s) ...
[solver] Gurobi is requested first on every solve, but refuses the study-scale models: "Model too large for size-limited license". This container carries only the pip size-limited Gurobi licence (2000 variables / 2000 constraints) and every model here is far larger, so those solves fall back to HiGHS (open-source MILP, driven through the same Pyomo interface). Re-run with a full Gurobi licence to use Gurobi throughout. (first refusal: Model too large for size-limited license; visit https://gurobi.com/unrestricted for more information)
    -> optimal obj=14909755.8 wall=216.7s
  [solve] extension_n200_alpha100000_fac3_nd42 (limit 900s) ...
    -> optimal obj=16724204.83 wall=106.3s
  [solve] extension_n200_alpha0_fac4_nd42 (limit 900s) ...
    -> optimal obj=14908755.8 wall=362.4s
  [solve] extension_n200_alpha100000_fac4_nd42 (limit 900s) ...
    -> optimal obj=16723090.14 wall=264.9s
  [solve] extension_n200_alpha0_fac5_nd42 (limit 900s) ...
    -> optimal obj=14910016.8 wall=370.9s
  [solve] extension_n200_alpha100000_fac5_nd42 (limit 900s) ...
    -> optimal obj=16723729.81 wall=279.6s
  [solve] extension_n200_alpha0_fac6_nd42 (limit 900s) ...
    -> optimal obj=14909171.8 wall=156.6s
  [solve] extension_n200_alpha100000_fac6_nd42 (limit 900s) ...
    -> optimal obj=16723139.54 wall=97.9s
  [cache] extension_n500_alpha0_fac2_nd42
  [cache] extension_n500_alpha100000_fac2_nd42
  [cache] extension_n500_alpha0_fac3_nd42
  [cache] extension_n500_alpha100000_fac3_nd42
  [solve] extension_n500_alpha0_fac4_nd42 (limit 1200s) ...
