
=== PHASE 6 (b): centralization vs the value of scheduling ===
  [cache] extension_n200_alpha0_fac2_nd42
  [cache] extension_n200_alpha100000_fac2_nd42
  [cache] extension_n200_alpha0_fac3_nd42
  [cache] extension_n200_alpha100000_fac3_nd42
  [cache] extension_n200_alpha0_fac4_nd42
  [cache] extension_n200_alpha100000_fac4_nd42
  [cache] extension_n200_alpha0_fac5_nd42
  [cache] extension_n200_alpha100000_fac5_nd42
  [cache] extension_n200_alpha0_fac6_nd42
  [cache] extension_n200_alpha100000_fac6_nd42
  n   | CON1 | cost_opened | cost_capacity_opened | cost_mean_HOLD | survival_mean_HOLD | cost_expected_lost | survival_expected_lost | lives_saved_by_scheduling
  ----+------+-------------+----------------------+----------------+--------------------+--------------------+------------------------+--------------------------
  200 | 2    | m1+m3       | 14                   | 9.340          | 5.455              | 9.880              | 7.238                  | 2.642                    
  200 | 3    | m1+m3       | 14                   | 7.275          | 5.450              | 9.563              | 7.233                  | 2.329                    
  200 | 4    | m1+m3       | 14                   | 7.850          | 5.450              | 9.691              | 7.234                  | 2.457                    
  200 | 5    | m1+m3       | 14                   | 7.700          | 5.450              | 9.479              | 7.240                  | 2.239                    
  200 | 6    | m1+m3       | 14                   | 7.330          | 5.450              | 9.404              | 7.234                  | 2.170                    
  [plot] /home/user/CAR-T-Supply-Chain/results/ab_experiments/centralization.png

[findings] /home/user/CAR-T-Supply-Chain/results/ab_experiments/findings.md

Wrote results to /home/user/CAR-T-Supply-Chain/results
