Ladder of interventions, N = 200, CON1 <= 2, ALPHA = 1e+07, MIP gap target 1e-06
All solves are FRESH (cache bypassed).

  [solve] cost model (alpha = 0) -> plants + assignment ...
[solver] Gurobi is requested first on every solve, but refuses the study-scale models: "Model too large for size-limited license". This container carries only the pip size-limited Gurobi licence (2000 variables / 2000 constraints) and every model here is far larger, so those solves fall back to HiGHS (open-source MILP, driven through the same Pyomo interface). Re-run with a full Gurobi licence to use Gurobi throughout. (first refusal: Model too large for size-limited license; visit https://gurobi.com/unrestricted for more information)
    -> optimal gap=0.00e+00 opened=m1+m3 (612s)
    cheapest transport mode = j2 (TT1=2d, TT3=2d)
  [build] FIFO reference: E[lost]=9.0196 cost=$14,908,756 mean hold=6.80d max TRT=42d over-ND=0
  [solve] + Reorder queue ...
    -> optimal gap=1.40e-16 E[lost]=8.0015 cost=$14,908,756 (13s)
  [solve] + Expedite shipping ...
    -> optimal gap=8.16e-07 E[lost]=7.1998 cost=$15,303,624 (18s)
  [solve] + Open a plant ...
    -> optimal gap=0.00e+00 E[lost]=6.0373 cost=$20,113,865 (163s)

======================================================================================================================
rung                    E[lost]  lives saved     total cost      added cost       cost/life       status       gap
----------------------------------------------------------------------------------------------------------------------
FIFO reference           9.0196       0.0000    $14,908,756               -               -  constructed         -
+ Reorder queue          8.0015       1.0182    $14,908,756no measurable cost               -      optimal   1.4e-16
+ Expedite shipping      7.1998       1.8198    $15,303,624        $394,868        $492,578      optimal   8.2e-07
+ Open a plant           6.0373       2.9823    $20,113,865      $4,810,241      $4,137,708      optimal   0.0e+00
======================================================================================================================
Cost differences below $40 (twice the solver's absolute optimality tolerance) are reported as 'no measurable cost'.
[plot] /home/user/CAR-T-Supply-Chain/results/ladder_N200.png
